if (do (char (break (auto , case ), continue (const , default )), extern (else (double , enum ), for (float , goto ))), static (return (long (int , register ), signed (short , sizeof )), union (switch (struct , typedef ), void (unsigned , volatile (, while )))))
auto (, break (, case (, char (, const (, continue (, default (, do (, double (, else (, enum (, extern (, float (, for (, goto (, if (, int (, long (, register (, return (, short (, signed (, sizeof (, static (, struct (, switch (, typedef (, union (, unsigned (, void (, volatile (, while )))))))))))))))))))))))))))))))
do (char (break (auto , case ), continue (const , default )), if (extern (else (double , enum ), for (float , goto )), return (long (int , register ), static (signed (short , sizeof ), union (switch (struct , typedef ), void (unsigned , volatile (, while )))))))
